<?xml version="1.0" encoding="utf-8"?>
<rocky version="4.0">

  <sound type="CLIP" id="confused_robot" path="ROBO-INF/sounds/confused_robot.wav" />
  <sound type="CLIP" id="create_prohibited" path="ROBO-INF/sounds/create_prohibited.wav" />
  <sound type="CLIP" id="create-AND" path="ROBO-INF/sounds/create-AND.wav" />
  <sound type="CLIP" id="create-OR" path="ROBO-INF/sounds/create-OR.wav" />
  <sound type="CLIP" id="create-NOT" path="ROBO-INF/sounds/create-NOT.wav" />
  <sound type="CLIP" id="delete_all" path="ROBO-INF/sounds/delete_all.wav" />
  <sound type="CLIP" id="delete_gate" path="ROBO-INF/sounds/delete_gate.wav" />
  <sound type="CLIP" id="delete_prohibited" path="ROBO-INF/sounds/delete_prohibited.wav" />
  <sound type="CLIP" id="drag-AND" path="ROBO-INF/sounds/drag-AND.wav" />
  <sound type="CLIP" id="drag-OR" path="ROBO-INF/sounds/drag-OR.wav" />
  <sound type="CLIP" id="drag-NOT" path="ROBO-INF/sounds/drag-NOT.wav" />
  <sound type="CLIP" id="enter_gate" path="ROBO-INF/sounds/enter_gate.wav" />
  <sound type="CLIP" id="leave_gate" path="ROBO-INF/sounds/leave_gate.wav" />
  <sound type="CLIP" id="pull_wire" path="ROBO-INF/sounds/pull_wire.wav" />
  <sound type="CLIP" id="relay_clicking" path="ROBO-INF/sounds/relay_clicking.wav" />
  <sound type="CLIP" id="start_drawing_wire" path="ROBO-INF/sounds/start_drawing_wire.wav" />
  <sound type="CLIP" id="teleport" path="ROBO-INF/sounds/teleport.wav" />
  <sound type="CLIP" id="unterminated_wire" path="ROBO-INF/sounds/unterminated_wire.wav" />
  <sound type="CLIP" id="terminated_wire" path="ROBO-INF/sounds/terminated_wire.wav" />
  <sound type="CLIP" id="win" path="ROBO-INF/sounds/win.wav" />
  <sound type="MOD" id="grod_march_01" path="ROBO-INF/music/grod_march_01.xm"/>

  <sensor type="Red" />
  <sensor type="Green" />
  <sensor type="Blue" />

  <gate type="AND" mnemonic="a" class="net.bluecow.robot.gate.AndGate" />
  <gate type="NOR" mnemonic="O" class="net.bluecow.robot.gate.NorGate" />
  <gate type="NOT" mnemonic="n" class="net.bluecow.robot.gate.NotGate" />
  <gate type="NAND" mnemonic="A" class="net.bluecow.robot.gate.NandGate" />
  <gate type="OR" mnemonic="o" class="net.bluecow.robot.gate.OrGate" />

  <square type="BLACK" mapchar=" " graphic="ROBO-INF/images/blacktile_glint.rsf">
  </square>
  <square type="MAGENTA" mapchar="M" graphic="ROBO-INF/images/magentatile.png">
    <activate-sensor type="Red" />
    <activate-sensor type="Blue" />
  </square>
  <square type="RED" mapchar="R" graphic="ROBO-INF/images/redtile.png">
    <activate-sensor type="Red" />
  </square>
  <square type="WHITE" mapchar="W" graphic="ROBO-INF/images/whitetile.png">
    <activate-sensor type="Red" />
    <activate-sensor type="Blue" />
    <activate-sensor type="Green" />
  </square>
  <square type="YELLOW" mapchar="Y" graphic="ROBO-INF/images/yellowtile.png">
    <activate-sensor type="Red" />
    <activate-sensor type="Green" />
  </square>
  <square type="CYAN" mapchar="C" graphic="ROBO-INF/images/cyantile.png">
    <activate-sensor type="Blue" />
    <activate-sensor type="Green" />
  </square>
  <square type="BLUE" mapchar="B" graphic="ROBO-INF/images/bluetile.png">
    <activate-sensor type="Blue" />
  </square>
  <square type="GREEN" mapchar="G" graphic="ROBO-INF/images/greentile.png">
    <activate-sensor type="Green" />
  </square>
  <square type="WALL" mapchar="X" graphic="ROBO-INF/images/wall.png">
    <attribute type="WALL" />
  </square>

  <level name="First Level" size-x="15" size-y="10">
  <description><![CDATA[
<html><h1>Easy Level
<p>This level should be pretty easy to solve!
  ]]></description>
    <grod id="grod" step-size="0.1" start-x="3.5" start-y="4.5" evals-per-step="1" label="Grod" label-direction="s" label-enabled="true">
      <graphic href="ROBO-INF/images/grod/grod.rsf" scale="0.4"/>
      <gate-allowance type="NOR" value="10" />
      <gate-allowance type="NAND" value="10" />
      <gate-allowance type="NOT" value="10" />
      <gate-allowance type="OR" value="10" />
      <gate-allowance type="AND" value="10" />
    </grod>

    <switch id="cake" loc-x="11" loc-y="4" on-enter="robot.setGoalReached(true); level.score += 200;" enabled="true" label="Cake" label-direction="s" label-enabled="true">
      <graphic href="ROBO-INF/images/cake.png" scale="1.0"/>
    </switch>

    <map>
XXXXXXXXXXXXXXX
XXXXXXXXXXXXXXX
XXXXXXXXXXXXXXX
XXXXXXXXXXXXXXX
XXXWWWWWWWWWXXX
XXXXXXXXXXXXXXX
XXXXXXXXXXXXXXX
XXXXXXXXXXXXXXX
XXXXXXXXXXXXXXX
XXXXXXXXXXXXXXX
    </map>
  </level>
</rocky>
