ROCKY 3.0
Sensors
 Red
 Green
 Blue
Gate Types
 AND a net.bluecow.robot.gate.AndGate
 NAND A net.bluecow.robot.gate.NandGate
 OR o net.bluecow.robot.gate.OrGate
 NOR O net.bluecow.robot.gate.NorGate
 NOT n net.bluecow.robot.gate.NotGate
Square Types
 WALL WALL X ROBO-INF/images/wall.png
 BLACK . _ ROBO-INF/images/blacktile.png
 RED . R ROBO-INF/images/redtile.png Red
 GREEN . G ROBO-INF/images/greentile.png Green
 BLUE . B ROBO-INF/images/bluetile.png Blue
 YELLOW . Y ROBO-INF/images/yellowtile.png Red,Green
 CYAN . C ROBO-INF/images/cyantile.png Green,Blue
 MAGENTA . M ROBO-INF/images/magentatile.png Red,Blue
 WHITE . W ROBO-INF/images/whitetile.png Red,Green,Blue
Map Easy Map
Grods
 Grod ROBO-INF/images/robot_00.png,scale=0.4 0.1 2.5,2.5 AND:10 OR:10 NOT:10 NAND:10 NOR:10
 Gregory ROBO-INF/images/robot.png 0.1 8,8 NOT:10 NAND:3
Size 15x10
Switches
 7,1 Cake ROBO-INF/images/cake.png robot.setGoalReached(true);
 7,4 Teleport ROBO-INF/images/cow.png Gregory.setPosition(4.5,4.5);
XXXXXXXXXXXXXXX
X R  X Y      X
X R  X B      X
X RCMYWB      X
X GGGGGB      X
X             X
XXXXXXXXXXXXXXX
