ROCKY 2.0
Easy Map
15
8
2.5
2.5
0.1
XXXXXXXXXXXXXXX
X R  X @      X
X R  X B      X
X R    B      X
X GGGGGB      X
X             X
XXXXXXXXXXXXXXX
*
Slightly Harder Map
15
8
2.5
2.5
0.1
XXXXXXXXXXXXXXX
X R  X        X
X R  X B      X
X R    B      X
X GGGGGB@     X
X             X
XXXXXXXXXXXXXXX
*
Slightly Harder Map
15
8
2.5
2.5
0.1
XXXXXXXXXXXXXXX
X R  X @      X
X R  X        X
X R           X
X GGGGGB      X
X             X
XXXXXXXXXXXXXXX
*
Mildly Tricky Map
15
8
2.5
2.5
0.1
XXXXXXXXXXXXXXX
X R  X  @     X
X R  X        X
X R           X
X GGG         X
X             X
XXXXXXXXXXXXXXX
*
Semi Tricky Map
15
8
2.5
2.5
0.1
XXXXXXXXXXXXXXX
X R  X R@     X
X R  XRRR     X
X R  RRR      X
X GGGRR       X
X             X
XXXXXXXXXXXXXXX
*
Windy Map (not as in gusty)
15
8
1.5
1.5
0.1
XXXXXXXXXXXXXXX
X            BX
XXXXXXXXXXXX  X
X  R          X
X XXXXXXXXXXXXX
XB           @X
XXXXXXXXXXXXXXX
*
Less Cheating Windy Map (not as in gusty)
15
8
1.5
1.5
0.1
XXXXXXXXXXXXXXX
X            BX
XXXXXXXXXXXX  X
X  R          X
X XXXXXXXXXXXXX
XB           @X
XXXXXXXXXXX   X
          XXXXX
*
Flip and/or Flop
7
11
1.5
1.5
0.1
XXXXXXX
X     X
X     X
X     X
X     X
XXX  GX
X     X
X     X
X     X
X@    X
XXXXXXX
*
Gordo's Flippin'-Floppin' Level
22
9
1.5
1.5
0.1
XXXXXXXXXXXXXXXXXXXXXX
XR X R X R X R X R   X
X                    X
X  B X B X B X B X   X
XXXXXXXXXXXXXXXXXX  GX
X  R X R X R X R X   X
X                    X
X@ X B X B X B X B   X
XXXXXXXXXXXXXXXXXXXXXX
*
You Can Count On It!
20
6
1.5
4.5
0.1
XXXXXXXXXXXXXXXXXXXX
X                  X
X               @  X
X                  X
X B B B B B B B B BX
XXXXXXXXXXXXXXXXXXXX
*
Delta
13
10
10.5
6.5
0.1
XXXXXXXXXXXXX
X           X
X G       B X
X   X @ X   X
X       X   X
X       X   X
X           X
X     R     X
X           X
XXXXXXXXXXXXX
*
Under the Volcano
15
10
2.5
7.5
0.1
XXXXXXXXXXXXXXX
X             X
X      RR     X
X     B RR    X
X    B   RR   X
X   B     RR  X
X  B   X   RR X
X BX  @GGGGGG X
X             X
XXXXXXXXXXXXXXX
*
Amid the Pillars
13
13
4.5     
8.5
0.1
XXXXXXXXXXXXX
X           X
X X   X   X X
X   X   X   X
X X   G   X X
X   X   X   X
X X   X   X X
X   X   X   X
X R   X @ B X
X   X   X   X
X X   X   X X
X           X
XXXXXXXXXXXXX
*
Funky Style
13
13
2.5
10.5
0.1
XXXXXXXXXXXXX
X           X
XX@XX  XXBBXX
XXG XXXXBBGXX
X G XXXBBXG X
X G   BBXXG X
XXGRRRRXXBGXX
XX X  XXBB XX
XXXXXXXBBX XX
XX   XBBXX XX
X RRRRB     X
XXX  XXXXX XX
XXXXXXXXXXXXX
*
Descent
9
17
6.5
2.5
0.1
XXXXXXXXX
X   X   X
X B     X
X   X   X
XX XXXXXX
X   X   X
X R   B X
X   X   X
XXXXXX XX
X   X   X
X B   G X
X   X   X
XX XXXXXX
X   X   X
X @ X X X
X   X   X
XXXXXXXXX
*
Myriad
17
17
8.5
15.5
0.1
XXXXXXXXXXXXXXXXX
X   X    G      X
X   X     G     X
X   X      G    X
X   X           X
X   X XXXXX   XXX
XR    R R   @   X
XB X X      R X X
XB       B  R R X
XB       B XR B X
XB          R   X
XB     X    R   X
XB     X    R   X
XB  RX X    R   X
X      G    R   X
X      GGGGGR   X
XXXXXXXXXXXXXXXXX
*
Four Eyes
11
11
4.5
8.5
0.1
 XXXXXXXXX
XX XX XX XX
X B     B X
XX XX XX XX
XX X X X XX
X   XXX   X
XX X X X XX
XX XX XX XX
X B  X@ B X
XX XX XX XX
 XXXXXXXXX
*
Even Possible..?
14
14
12.5
2.5
0.1
XXXXXXXXXXXXXX
X  X  XX  X  X
X B          X
XX  XX  B X  X
X     XX   XXX
X R   BX X  BX
X      XG X  X
XXX X       GX
X  X X       X
XB X     X X X
X   BX       X
X X  XR  X X X
X@X RX       X
XXXXXXXXXXXXXX
